=== run_all start 2026-10-07 11:33:23 CEST ===
--- running exec_daemon_sample.sh ---
WROTE /workspace/grokbot-telemetry/DATA/exec_daemon_20261007-113323.jsonl
SUMMARY /workspace/grokbot-telemetry/DATA/exec_daemon_latest.md
DAEMONS 20
22 /workspace/grokbot-telemetry/DATA/exec_daemon_20261007-113323.jsonl
OK: exec_daemon_sample.sh
--- running cli_inventory.sh ---
WROTE /workspace/grokbot-telemetry/DATA/cli_inventory_20261007-113325.jsonl
OK: cli_inventory.sh
--- running sandbox_telemetry_parse.sh ---
WROTE /workspace/grokbot-telemetry/DATA/sandbox_telemetry_20261007-113329.json
WROTE /workspace/grokbot-telemetry/DATA/cdp_display_map_20261007-113329.json
WROTE /workspace/grokbot-telemetry/DATA/sandbox_telemetry_latest.md
WROTE /workspace/grokbot-telemetry/DATA/cdp_display_map_latest.md
WROTE /workspace/grokbot-telemetry/DIFFS/20261007-113329-sandbox-telemetry-summary.md
KINDS {'memory_sample': 2178, 'boot_stage': 3, 'egress_tunnel': 1, 'host_boot_fetch': 1}
CDP_ROWS 0
DONE 2026-10-07 11:33:29 CEST
OK: sandbox_telemetry_parse.sh
=== run_all end 2026-10-07 11:33:29 CEST fail=0 ===
